[tibotiber.observablehq.cloud/smplrvable/index.html]
[backblue.gif]
[fade.gif]
[index.html]
[tibotiber.observablehq.cloud/smplrvable/_observablehq/theme-air,near-midnight,wide.css]
[tibotiber.observablehq.cloud/smplrvable/_observablehq/stdlib/inputs.css]
[tibotiber.observablehq.cloud/smplrvable/_observablehq/client.js]
[tibotiber.observablehq.cloud/smplrvable/_observablehq/runtime.js]
[tibotiber.observablehq.cloud/smplrvable/_observablehq/stdlib.js]
[tibotiber.observablehq.cloud/smplrvable/_import/data/sensors.fd746609.js]
[tibotiber.observablehq.cloud/smplrvable/_import/data/co2.67289546.js]
[tibotiber.observablehq.cloud/smplrvable/_node/@mobily/ts-belt@3.13.1/index.js]
[tibotiber.observablehq.cloud/smplrvable/_node/@smplrspace/smplr-loader@2.16.1/index.js]
[tibotiber.observablehq.cloud/smplrvable/_npm/d3@7.9.0/_esm.js]
[tibotiber.observablehq.cloud/smplrvable/_observablehq/stdlib/inputs.js]
[tibotiber.observablehq.cloud/smplrvable/_npm/@observablehq/plot@0.6.14/_esm.js]
[tibotiber.observablehq.cloud/smplrvable/_npm/htl@0.3.1/_esm.js]
[tibotiber.observablehq.cloud/smplrvable/_npm/isoformat@0.2.1/_esm.js]
[tibotiber.observablehq.cloud/smplrvable/_npm/d3-array@3.2.4/_esm.js]
[tibotiber.observablehq.cloud/smplrvable/_npm/d3-axis@3.0.0/_esm.js]
[tibotiber.observablehq.cloud/smplrvable/_npm/d3-brush@3.0.0/_esm.js]
[tibotiber.observablehq.cloud/smplrvable/_npm/d3-chord@3.0.1/_esm.js]
[tibotiber.observablehq.cloud/smplrvable/_npm/d3-color@3.1.0/_esm.js]
[tibotiber.observablehq.cloud/smplrvable/_npm/d3-contour@4.0.2/_esm.js]
[tibotiber.observablehq.cloud/smplrvable/_npm/d3-delaunay@6.0.4/_esm.js]
[tibotiber.observablehq.cloud/smplrvable/_npm/d3-dispatch@3.0.1/_esm.js]
[tibotiber.observablehq.cloud/smplrvable/_npm/d3-drag@3.0.0/_esm.js]
[tibotiber.observablehq.cloud/smplrvable/_npm/d3-dsv@3.0.1/_esm.js]
[tibotiber.observablehq.cloud/smplrvable/_npm/d3-ease@3.0.1/_esm.js]
[tibotiber.observablehq.cloud/smplrvable/_npm/d3-fetch@3.0.1/_esm.js]
[tibotiber.observablehq.cloud/smplrvable/_npm/d3-force@3.0.0/_esm.js]
[tibotiber.observablehq.cloud/smplrvable/_npm/d3-format@3.1.0/_esm.js]
[tibotiber.observablehq.cloud/smplrvable/_npm/d3-geo@3.1.1/_esm.js]
[tibotiber.observablehq.cloud/smplrvable/_npm/d3-hierarchy@3.1.2/_esm.js]
[tibotiber.observablehq.cloud/smplrvable/_npm/d3-interpolate@3.0.1/_esm.js]
[tibotiber.observablehq.cloud/smplrvable/_npm/d3-path@3.1.0/_esm.js]
[tibotiber.observablehq.cloud/smplrvable/_npm/d3-polygon@3.0.1/_esm.js]
[tibotiber.observablehq.cloud/smplrvable/_npm/d3-quadtree@3.0.1/_esm.js]
[tibotiber.observablehq.cloud/smplrvable/_npm/d3-random@3.0.1/_esm.js]
[tibotiber.observablehq.cloud/smplrvable/_npm/d3-scale@4.0.2/_esm.js]
[tibotiber.observablehq.cloud/smplrvable/_npm/d3-scale-chromatic@3.1.0/_esm.js]
[tibotiber.observablehq.cloud/smplrvable/_npm/d3-selection@3.0.0/_esm.js]
[tibotiber.observablehq.cloud/smplrvable/_npm/d3-shape@3.2.0/_esm.js]
[tibotiber.observablehq.cloud/smplrvable/_npm/d3-time@3.1.0/_esm.js]
[tibotiber.observablehq.cloud/smplrvable/_npm/d3-time-format@4.1.0/_esm.js]
[tibotiber.observablehq.cloud/smplrvable/_npm/d3-timer@3.0.1/_esm.js]
[tibotiber.observablehq.cloud/smplrvable/_npm/d3-transition@3.0.1/_esm.js]
[tibotiber.observablehq.cloud/smplrvable/_npm/d3-zoom@3.0.0/_esm.js]
[tibotiber.observablehq.cloud/smplrvable/_npm/interval-tree-1d@1.0.4/_esm.js]
[tibotiber.observablehq.cloud/smplrvable/_npm/internmap@2.0.3/_esm.js]
[tibotiber.observablehq.cloud/smplrvable/_npm/delaunator@5.0.1/_esm.js]
[tibotiber.observablehq.cloud/smplrvable/_npm/binary-search-bounds@2.0.5/_esm.js]
[tibotiber.observablehq.cloud/smplrvable/_npm/robust-predicates@3.0.2/_esm.js]
[tibotiber.observablehq.cloud/smplrvable/_file/img/observable.1af93621.png]
[tibotiber.observablehq.cloud/smplrvable/index.html]
[tibotiber.observablehq.cloud/smplrvable/_observablehq/theme-air,near-midnight,wide.css]
[tibotiber.observablehq.cloud/smplrvable/_observablehq/stdlib/inputs.css]
[static.observableusercontent.com/next/project-latest.js]
